2023-11-22 20:36:37,143 - Connected (version 2.0, client OpenSSH_8.2p1)
2023-11-22 20:41:06,027 - Connected (version 2.0, client OpenSSH_8.2p1)
2023-11-22 20:41:06,147 - Authentication (publickey) successful!
2023-11-22 20:41:07,270 - 45903cf5d785df871991622a61b64c3dc6fb069fbf8350fa36ee88b20ed951df

2023-11-22 20:41:07,323 - Running command: ./bitcoin --p2p 0.0.0.0:6000 --api 0.0.0.0:7000 --shardId 0 --nodeId 1 --experNumber 34 --shardNum 5 --shardSize 5 --blockSize 2048 --k 6 --eDiff 000fffffffffffffffffffffffffffffffffffffffffffffffffffffffffffff --iDiff 000fffffffffffffffffffffffffffffffffffffffffffffffffffffffffffff

2023-11-22 20:41:07,366 - Connected (version 2.0, client OpenSSH_8.2p1)
2023-11-22 20:41:07,486 - Authentication (publickey) successful!
2023-11-22 20:41:11,444 - 01fcd9f53010b74b2d17f7a684f365dd105c4b1a496d69bb4ba9ef4cfd0dfe7c

2023-11-22 20:41:11,595 - Running command: ./bitcoin --p2p 0.0.0.0:6000 --api 0.0.0.0:7000 -c 10.108.4.58:6000 --shardId 0 --nodeId 1 --experNumber 34 --shardNum 5 --shardSize 5 --blockSize 2048 --k 6 --eDiff 000fffffffffffffffffffffffffffffffffffffffffffffffffffffffffffff --iDiff 000fffffffffffffffffffffffffffffffffffffffffffffffffffffffffffff

2023-11-22 20:41:49,619 - Connected (version 2.0, client OpenSSH_8.2p1)
2023-11-22 20:41:49,740 - Authentication (publickey) successful!
2023-11-22 20:42:00,365 - my-bitcoin-app

2023-11-22 20:42:00,409 - my-bitcoin-app

2023-11-22 20:42:00,478 - Connected (version 2.0, client OpenSSH_8.2p1)
2023-11-22 20:42:00,586 - Authentication (publickey) successful!
2023-11-22 20:42:13,067 - my-bitcoin-app

2023-11-22 20:42:13,282 - my-bitcoin-app

2023-11-23 08:54:29,233 - Connected (version 2.0, client OpenSSH_8.2p1)
2023-11-23 08:54:29,351 - Authentication (publickey) successful!
2023-11-23 08:54:30,851 - b137a385cc9508bf155b810e7901fee916bf53c76f3f8e34c8f8276b957b9708

2023-11-23 08:54:30,888 - Running command: ./bitcoin --p2p 0.0.0.0:6000 --api 0.0.0.0:7000 --shardId 0 --nodeId 1 --experNumber 34 --shardNum 5 --shardSize 5 --blockSize 2048 --k 6 --eDiff 000fffffffffffffffffffffffffffffffffffffffffffffffffffffffffffff --iDiff 000fffffffffffffffffffffffffffffffffffffffffffffffffffffffffffff

2023-11-23 08:54:30,933 - Connected (version 2.0, client OpenSSH_8.2p1)
2023-11-23 08:54:31,049 - Authentication (publickey) successful!
2023-11-23 08:54:35,215 - 303dc6472b984fbad637d48ba350f32cd5172ebd9121d4ffa0a54f18b74519ed

2023-11-23 08:54:35,388 - Running command: ./bitcoin --p2p 0.0.0.0:6000 --api 0.0.0.0:7000 -c 10.108.4.58:6000 --shardId 0 --nodeId 1 --experNumber 34 --shardNum 5 --shardSize 5 --blockSize 2048 --k 6 --eDiff 000fffffffffffffffffffffffffffffffffffffffffffffffffffffffffffff --iDiff 000fffffffffffffffffffffffffffffffffffffffffffffffffffffffffffff

2023-11-23 08:54:45,022 - Connected (version 2.0, client OpenSSH_8.2p1)
2023-11-23 08:54:45,103 - Authentication (publickey) successful!
2023-11-23 08:54:55,430 - my-bitcoin-app

2023-11-23 08:54:55,471 - my-bitcoin-app

2023-11-23 08:54:55,516 - Connected (version 2.0, client OpenSSH_8.2p1)
2023-11-23 08:54:55,624 - Authentication (publickey) successful!
2023-11-23 08:55:08,597 - my-bitcoin-app

2023-11-23 08:55:08,739 - my-bitcoin-app

2023-11-29 22:03:18,537 - Connected (version 2.0, client OpenSSH_8.2p1)
2023-11-29 22:03:18,670 - Authentication (publickey) successful!
2023-11-29 22:03:18,706 - Connected (version 2.0, client OpenSSH_8.2p1)
2023-11-29 22:03:18,822 - Authentication (publickey) successful!
2023-11-29 22:06:48,536 - Connected (version 2.0, client OpenSSH_8.2p1)
2023-11-29 22:06:48,625 - Authentication (publickey) successful!
2023-11-29 22:06:48,940 - 
2023-11-29 22:06:48,988 - Connected (version 2.0, client OpenSSH_8.2p1)
2023-11-29 22:06:49,102 - Authentication (publickey) successful!
2023-11-29 22:06:52,524 - 
2023-11-29 22:09:24,787 - Connected (version 2.0, client OpenSSH_8.2p1)
2023-11-29 22:09:24,877 - Authentication (publickey) successful!
2023-11-29 22:09:25,198 - 
2023-11-29 22:09:25,251 - Connected (version 2.0, client OpenSSH_8.2p1)
2023-11-29 22:09:25,343 - Authentication (publickey) failed.
2023-11-29 22:09:25,370 - Authentication (password) successful!
2023-11-29 22:09:29,433 - 
2023-11-29 22:10:30,794 - Connected (version 2.0, client OpenSSH_8.2p1)
2023-11-29 22:10:30,898 - Authentication (publickey) successful!
2023-11-29 22:10:31,182 - 
2023-11-29 22:10:31,223 - Connected (version 2.0, client OpenSSH_8.2p1)
2023-11-29 22:10:31,319 - Authentication (publickey) failed.
2023-11-29 22:10:31,345 - Authentication (password) successful!
2023-11-29 22:10:35,828 - 
2023-11-29 22:17:00,967 - Connected (version 2.0, client OpenSSH_8.2p1)
2023-11-29 22:17:01,051 - Authentication (publickey) successful!
2023-11-29 22:17:01,351 - 
2023-11-29 22:17:01,385 - 
2023-11-29 22:17:01,439 - Connected (version 2.0, client OpenSSH_8.2p1)
2023-11-29 22:17:01,522 - Authentication (publickey) failed.
2023-11-29 22:17:01,554 - Authentication (password) successful!
2023-11-29 22:17:05,704 - 
2023-11-29 22:17:08,910 - 
2023-12-06 19:19:30,244 - Connected (version 2.0, client OpenSSH_8.9p1)
2023-12-06 19:19:31,106 - Authentication (publickey) successful!
2023-12-06 19:19:32,082 - 
2023-12-06 19:19:32,682 - 
2023-12-06 19:20:20,127 - Connected (version 2.0, client OpenSSH_8.9p1)
2023-12-06 19:20:20,998 - Authentication (publickey) successful!
2023-12-06 19:20:21,650 - 
2023-12-06 19:20:22,145 - 
2023-12-06 20:24:30,355 - Connected (version 2.0, client OpenSSH_8.9p1)
2023-12-06 20:24:31,193 - Authentication (publickey) successful!
2023-12-06 20:24:32,592 - 
2023-12-06 20:24:33,079 - 
2023-12-06 20:27:24,278 - Connected (version 2.0, client OpenSSH_8.9p1)
2023-12-06 20:27:25,161 - Authentication (publickey) successful!
2023-12-06 20:27:26,144 - 
2023-12-06 20:27:26,641 - 
2023-12-06 20:33:28,299 - Connected (version 2.0, client OpenSSH_8.9p1)
2023-12-06 20:33:29,151 - Authentication (publickey) successful!
2023-12-06 20:33:30,241 - 
2023-12-06 20:33:30,725 - 
2023-12-06 20:33:31,253 - Connected (version 2.0, client OpenSSH_8.9p1)
2023-12-06 20:33:32,618 - Authentication (publickey) successful!
2023-12-06 20:33:34,417 - 
2023-12-06 20:33:35,259 - 
2023-12-06 20:33:35,652 - Connected (version 2.0, client OpenSSH_8.9p1)
2023-12-06 20:33:36,750 - Authentication (publickey) successful!
2023-12-06 20:33:38,354 - 
2023-12-06 20:33:39,172 - 
2023-12-06 21:26:57,962 - Connected (version 2.0, client OpenSSH_8.9p1)
2023-12-06 21:26:58,843 - Authentication (publickey) successful!
2023-12-06 21:26:59,778 - 
2023-12-06 21:27:00,266 - 
2023-12-06 21:27:00,787 - Connected (version 2.0, client OpenSSH_8.9p1)
2023-12-06 21:27:02,444 - Authentication (publickey) successful!
2023-12-06 21:27:03,770 - 
2023-12-06 21:27:04,769 - 
2023-12-06 21:29:27,531 - Connected (version 2.0, client OpenSSH_8.9p1)
2023-12-06 21:29:28,358 - Authentication (publickey) successful!
2023-12-06 21:29:29,371 - 
2023-12-06 21:29:29,851 - 
2023-12-06 21:29:30,346 - Connected (version 2.0, client OpenSSH_8.9p1)
2023-12-06 21:29:31,672 - Authentication (publickey) successful!
2023-12-06 21:29:32,864 - 
2023-12-06 21:29:33,635 - 
2023-12-06 21:29:34,107 - Connected (version 2.0, client OpenSSH_8.9p1)
2023-12-06 21:29:35,303 - Authentication (publickey) successful!
2023-12-06 21:29:36,631 - 
2023-12-06 21:29:37,318 - 
2023-12-06 21:30:09,406 - Connected (version 2.0, client OpenSSH_8.9p1)
2023-12-06 21:30:10,398 - Authentication (publickey) successful!
2023-12-06 21:30:10,956 - 
2023-12-06 21:30:11,513 - 
2023-12-06 21:30:12,055 - Connected (version 2.0, client OpenSSH_8.9p1)
2023-12-06 21:30:13,478 - Authentication (publickey) successful!
2023-12-06 21:30:14,163 - 
2023-12-06 21:30:14,968 - 
2023-12-06 21:30:15,338 - Connected (version 2.0, client OpenSSH_8.9p1)
2023-12-06 21:30:16,337 - Authentication (publickey) successful!
2023-12-06 21:30:16,917 - 
2023-12-06 21:30:17,497 - 
2023-12-06 21:32:01,742 - Connected (version 2.0, client OpenSSH_8.9p1)
2023-12-06 21:32:02,700 - Authentication (publickey) successful!
2023-12-06 21:32:03,914 - 
2023-12-06 21:32:04,507 - 
2023-12-06 21:32:05,120 - Connected (version 2.0, client OpenSSH_8.9p1)
2023-12-06 21:32:06,554 - Authentication (publickey) successful!
2023-12-06 21:32:07,806 - 
2023-12-06 21:32:08,725 - 
2023-12-06 21:32:09,212 - Connected (version 2.0, client OpenSSH_8.9p1)
2023-12-06 21:32:10,254 - Authentication (publickey) successful!
2023-12-06 21:32:11,354 - 
2023-12-06 21:32:12,021 - 
2023-12-06 21:32:25,540 - Connected (version 2.0, client OpenSSH_8.9p1)
2023-12-06 21:32:26,457 - Authentication (publickey) successful!
2023-12-06 21:32:27,054 - 
2023-12-06 21:32:27,582 - 
2023-12-06 21:32:28,070 - Connected (version 2.0, client OpenSSH_8.9p1)
2023-12-06 21:32:29,582 - Authentication (publickey) successful!
2023-12-06 21:32:30,415 - 
2023-12-06 21:32:31,169 - 
2023-12-06 21:32:31,544 - Connected (version 2.0, client OpenSSH_8.9p1)
2023-12-06 21:32:32,664 - Authentication (publickey) successful!
2023-12-06 21:32:33,391 - 
2023-12-06 21:32:33,963 - 
2023-12-06 21:42:43,478 - Connected (version 2.0, client OpenSSH_8.9p1)
2023-12-06 21:42:44,348 - Authentication (publickey) successful!
2023-12-06 21:42:45,268 - 
2023-12-06 21:42:45,734 - 
2023-12-06 21:42:46,238 - 
2023-12-06 21:42:46,747 - 
2023-12-06 21:42:47,341 - Connected (version 2.0, client OpenSSH_8.9p1)
2023-12-06 21:42:49,012 - Authentication (publickey) successful!
2023-12-06 21:42:50,362 - 
2023-12-06 21:42:51,372 - 
2023-12-06 21:42:52,385 - 
2023-12-06 21:42:53,385 - 
2023-12-06 21:42:54,036 - Connected (version 2.0, client OpenSSH_8.9p1)
2023-12-06 21:42:55,350 - Authentication (publickey) successful!
2023-12-06 21:42:56,357 - 
2023-12-06 21:42:57,107 - 
2023-12-06 21:42:58,014 - 
2023-12-06 21:42:58,839 - 
2023-12-08 21:36:26,480 - Connected (version 2.0, client OpenSSH_8.9p1)
2023-12-08 21:36:28,029 - Authentication (publickey) successful!
